
[1m[46m RUN [49m[22m [36mv4.1.0 [39m[90mD:/GitPersonal/motonui__[39m

node.exe : 
At C:\Program Files\nodejs\npx.ps1:29 char:3
+   & $NODE_EXE $NPX_CLI_JS $args
+   ~~~~~~~~~~~~~~~~~~~~~~~~~~~~~
    + CategoryInfo          : NotSpecified: (:String) [], RemoteException
    + FullyQualifiedErrorId : NativeCommandError
 

#
# Fatal process out of memory: Zone
#
----- Native stack trace -----


<--- Last few GCs --->

[23560:00000177AAC3D000]      884 ms: Scavenge 23.8 (33.4) -> 20.5 (35.9) MB, 
pooled: 0 MB, 4.72 / 0.00 ms  (average mu = 0.968, current mu = 0.968) 
allocation failure; 
[23560:00000177AAC3D000]     1011 ms: Scavenge 28.2 (37.3) -> 24.7 (55.6) MB, 
pooled: 0 MB, 7.40 / 0.00 ms  (average mu = 0.968, current mu = 0.968) 
allocation failure; 
[23560:00000177AAC3D000]     1118 ms: Scavenge 38.4 (55.6) -> 34.6 (57.8) MB, 
pooled: 0 MB, 12.28 / 0.00 ms  (average mu = 0.968, current mu = 0.968) 
allocation failure; 


<--- JS stacktrace --->

FATAL ERROR: Zone Allocation failed - process out of memory
----- Native stack trace -----

 1: 00007FF6AAA5711D 
 2: 00007FF6AA93181F 
 3: 00007FF6ABBA95C6 
 4: 00007FF6AB52D6E1 
 5: 00007FF6AAFFC79B 
 6: 00007FF6AC05F4DB 
 7: 00007FF6AC09FA88 
 8: 00007FF6ABCC69AF 
 9: 00007FF6ABCC064A 
10: 00007FF6AB4A8314 
11: 00007FF6AB461C22 
12: 00007FF6AB7324F5 
13: 00007FF6AA934540 
14: 00007FF6AAAB7463 
15: 00007FF6AC2B4C2E 
16: 00007FF89F51E8D7 
17: 00007FF8A0E6C48C 

<--- Last few GCs --->

[18196:00000284B6764000]     1091 ms: Scavenge 28.3 (37.3) -> 24.8 (55.6) MB, 
pooled: 0 MB, 10.50 / 0.00 ms  (average mu = 0.990, current mu = 0.990) 
allocation failure; 
[18196:00000284B6764000]     1226 ms: Scavenge 38.4 (55.6) -> 34.6 (57.8) MB, 
pooled: 0 MB, 52.22 / 0.00 ms  (average mu = 0.990, current mu = 0.990) 
allocation failure; 


<--- JS stacktrace --->

FATAL ERROR: Zone Allocation failed - process out of memory
----- Native stack trace -----



#
# Fatal process out of memory: Zone
#
----- Native stack trace -----

 1: 00007FF6AAA5711D 
 2: 00007FF6AA9BA138 
 3: 00007FF6AB540C51 
 4: 00007FF6AB52D8D6 
 5: 00007FF6AAFFC79B 
 6: 00007FF6AB512123 
 7: 00007FF6AB50F06C 
 8: 00007FF6AB10FFAF 
 9: 00007FF6AB100A6A 
10: 00007FF6AB10FEAA 
11: 00007FF6AB10961E 
12: 00007FF6AB10FECB 
13: 00007FF6AB1083C8 
14: 00007FF6AB0FEE4B 
15: 00007FF6AB0FF417 
16: 00007FF6AB0FF254 
17: 00007FF6AB0FF776 
18: 00007FF6AB0FF254 
19: 00007FF6AB104A2F 
20: 00007FF6AB104F0E 
21: 00007FF6AB110F9A 
22: 00007FF6AB1083C8 
23: 00007FF6AB107675 
24: 00007FF6AB108DD8 
25: 00007FF6AB0F9CB3 
26: 00007FF6AB10E007 
27: 00007FF6AB0F320C 
28: 00007FF6AB4A6650 
29: 00007FF6AB4ABDB8 
30: 00007FF6AB5285E9 
31: 00007FF6AB528324 
32: 00007FF6AA9C7D3D 
33: 00007FF6AA9C82A2 
34: 00007FF64B50FA64 

<--- Last few GCs --->

[28132:000001B977203000]     1114 ms: Scavenge 38.9 (56.3) -> 36.8 (58.3) MB, 
pooled: 0 MB, 11.27 / 0.00 ms  (average mu = 0.962, current mu = 0.962) 
allocation failure; 
[28132:000001B977203000]     1178 ms: Scavenge 41.1 (58.3) -> 40.4 (70.3) MB, 
pooled: 0 MB, 8.85 / 0.00 ms  (average mu = 0.962, current mu = 0.962) 
allocation failure; 


<--- JS stacktrace --->

FATAL ERROR: Zone Allocation failed - process out of memory
----- Native stack trace -----

 1: 00007FF6AAA5711D 
 2: 00007FF6AA9BA138 
 3: 00007FF6AB540C51 
 4: 00007FF6AB52D8D6 
 5: 00007FF6AAFFC79B 
 6: 00007FF6AB512123 
 7: 00007FF6AB51146D 
 8: 00007FF6AB512578 
 9: 00007FF6AB510464 
10: 00007FF6AB510C1A 
11: 00007FF6AB51128D 
12: 00007FF6AB0F67C8 
13: 00007FF6AB0F7747 
14: 00007FF6AB0F666E 
15: 00007FF6AB0FD14B 
16: 00007FF6AB112BE3 
17: 00007FF6AB1131B4 
18: 00007FF6AB1083C8 
19: 00007FF6AB107675 
20: 00007FF6AB108DD8 
21: 00007FF6AB0F9CB3 
22: 00007FF6AB10E007 
23: 00007FF6AB0F320C 
24: 00007FF6AB4A6650 
25: 00007FF6AB4ABDB8 
26: 00007FF6AB5285E9 
27: 00007FF6AB528324 
28: 00007FF6AA9C7D3D 
29: 00007FF6AA9C82A2 
30: 00007FF64B50FA64 


#
# Fatal process out of memory: Zone
#
----- Native stack trace -----



#
# Fatal process out of memory: Zone
#
----- Native stack trace -----

 1: 00007FF6AAA5711D 
 2: 00007FF6AA93181F 
 3: 00007FF6ABBA95C6 
 4: 00007FF6AB52D6E1 
 5: 00007FF6AAFFC79B 
 6: 00007FF6ABC168C7 
 7: 00007FF6ABC4FFCA 
 8: 00007FF6ABD3D2EC 
 9: 00007FF6ABD3F0B2 
10: 00007FF6ABD3B384 
11: 00007FF6ABD3F984 
12: 00007FF6ABD43F32 
13: 00007FF6ABD3F758 
14: 00007FF6ABD3D5A5 
15: 00007FF6ABD3B72F 
16: 00007FF6ABCC8A58 
17: 00007FF6ABCBFA24 
18: 00007FF6ABCC0625 
19: 00007FF6AB4A8314 
20: 00007FF6AB461C22 
21: 00007FF6AB7324F5 
22: 00007FF6AA934540 
23: 00007FF6AAAB7463 
24: 00007FF6AC2B4C2E 
25: 00007FF89F51E8D7 
26: 00007FF8A0E6C48C 


#
# Fatal process out of memory: Zone
#
----- Native stack trace -----

 1: 00007FF6AAA5711D 
 2: 00007FF6AA93181F 
 3: 00007FF6ABBA95C6 
 4: 00007FF6AB52D6E1 
 5: 00007FF6AAFFC79B 
 6: 00007FF6AAD688C6 
 7: 00007FF6AAD7FC16 
 8: 00007FF6AC141CD1 
 9: 00007FF6AC13CC2C 
10: 00007FF6AC137B61 
11: 00007FF6AC135DA9 
12: 00007FF6AC13544E 
13: 00007FF6AC14EE0B 
14: 00007FF6ABCC6AD4 
15: 00007FF6ABCC064A 
16: 00007FF6AB4A8314 
17: 00007FF6AB461C22 
18: 00007FF6AB7324F5 
19: 00007FF6AA934540 
20: 00007FF6AAAB7463 
21: 00007FF6AC2B4C2E 
22: 00007FF89F51E8D7 
23: 00007FF8A0E6C48C 


#
# Fatal process out of memory: Zone
#
----- Native stack trace -----

 1: 00007FF6AAA5711D 
 2: 00007FF6AA93181F 
 3: 00007FF6ABBA95C6 
 4: 00007FF6AB52D6E1 
 5: 00007FF6AAFFC79B 
 6: 00007FF6AAD72B44 
 7: 00007FF6AC14ED77 
 8: 00007FF6ABCC6AD4 
 9: 00007FF6ABCC064A 
10: 00007FF6AB4A8314 
11: 00007FF6AB461C22 
12: 00007FF6AB7324F5 
13: 00007FF6AA934540 
14: 00007FF6AAAB7463 
15: 00007FF6AC2B4C2E 
16: 00007FF89F51E8D7 
17: 00007FF8A0E6C48C 


#
# Fatal process out of memory: Zone
#
----- Native stack trace -----

 1: 00007FF6AAA5711D node::SetCppgcReference+17725
 2: 00007FF6AA93181F node::TriggerNodeReport+73231
 3: 00007FF6ABBA95C6 v8::base::FatalOOM+54
 4: 00007FF6AB52D6E1 v8::Function::Experimental_IsNopFunction+2369
 5: 00007FF6AAFFC79B v8::SnapshotCreator::GetIsolate+52395
 6: 00007FF6ABD37015 v8::internal::compiler::CompilationDependencies::Transitio
nDependencyOffTheRecord+342645
 7: 00007FF6ABD3711E v8::internal::compiler::CompilationDependencies::Transitio
nDependencyOffTheRecord+342910
 8: 00007FF6ABCC9AC2 v8::internal::compiler::CompilationDependencies::~Compilat
ionDependencies+804162
 9: 00007FF6ABCC5ABB v8::internal::compiler::CompilationDependencies::~Compilat
ionDependencies+787771
10: 00007FF6ABCC064A v8::internal::compiler::CompilationDependencies::~Compilat
ionDependencies+766154
11: 00007FF6AB4A8314 v8::SharedValueConveyor::SharedValueConveyor+30596
12: 00007FF6AB461C22 v8::Proxy::GetHandler+41490
13: 00007FF6AB7324F5 v8::PropertyDescriptor::writable+1997013
14: 00007FF6AA934540 v8::CpuProfileNode::GetParent+784
15: 00007FF6AAAB7463 uv_poll_stop+291
16: 00007FF6AC2B4C2E inflateValidate+159742
17: 00007FF89F51E8D7 BaseThreadInitThunk+23
18: 00007FF8A0E6C48C RtlUserThreadStart+44
[90mstderr[2m | src/lib/admin/impersonation.test.ts[2m > [22m[2mPOST 
/api/admin/users/[id]/impersonate[2m > [22m[2mreturns 500 when 
ADMIN_IMPERSONATION_SECRET is not set
[22m[39m[admin/impersonate] ADMIN_IMPERSONATION_SECRET is missing or too 
short

[90mstderr[2m | src/lib/admin/impersonation.test.ts[2m > [22m[2mPOST 
/api/admin/users/[id]/impersonate[2m > [22m[2mreturns 500 when secret is 
shorter than 32 chars
[22m[39m[admin/impersonate] ADMIN_IMPERSONATION_SECRET is missing or too 
short

 [32m✓[39m src/lib/admin/impersonation.test.ts [2m([22m[2m6 tests[22m[2m)[22m[32m 108[2mms[22m[39m
[90mstderr[2m | src/lib/expenses.test.ts[2m > [22m[2mconvertCurrency[2m 
> [22m[2mfalls back to original amount when exchange rates are unavailable 
(no API key)
[22m[39m[motonui][expenses][currency] EXCHANGE_RATE_API_KEY not set — rates 
unavailable

[90mstderr[2m | src/lib/expenses.test.ts[2m > [22m[2mconvertCurrency[2m 
> [22m[2mfalls back to original amount when exchange rates are unavailable 
(no API key)
[22m[39m[motonui][expenses][currency] Missing rate for USD or JPY

[90mstderr[2m | src/lib/expenses.test.ts[2m > [22m[2mconvertCurrency[2m 
> [22m[2mreturns same amount for any currency pair when rates are missing
[22m[39m[motonui][expenses][currency] EXCHANGE_RATE_API_KEY not set — rates 
unavailable

[90mstderr[2m | src/lib/expenses.test.ts[2m > [22m[2mconvertCurrency[2m 
> [22m[2mreturns same amount for any currency pair when rates are missing
[22m[39m[motonui][expenses][currency] Missing rate for GBP or CHF

[90mstderr[2m | src/lib/expenses.test.ts[2m > [22m[2mconvertCurrency[2m 
> [22m[2mreturns exact amount for zero input regardless of currency
[22m[39m[motonui][expenses][currency] EXCHANGE_RATE_API_KEY not set — rates 
unavailable

[90mstderr[2m | src/lib/expenses.test.ts[2m > [22m[2mconvertCurrency[2m 
> [22m[2mreturns exact amount for zero input regardless of currency
[22m[39m[motonui][expenses][currency] Missing rate for USD or EUR

 [32m✓[39m src/lib/expenses.test.ts [2m([22m[2m15 tests[22m[2m)[22m[32m 19[2mms[22m[39m
[90mstderr[2m | src/app/api/admin/users/[id]/delete.test.ts[2m > 
[22m[2mDELETE /api/admin/users/[id][2m > [22m[2mreturns 500 when 
deleteUser fails
[22m[39m[admin/users DELETE] Auth service error

 [32m✓[39m src/app/api/admin/users/[id]/delete.test.ts [2m([22m[2m8 tests[22m[2m)[22m[32m 99[2mms[22m[39m
 [32m✓[39m src/lib/storage.test.ts [2m([22m[2m22 tests[22m[2m)[22m[32m 14[2mms[22m[39m
 [32m✓[39m src/lib/admin/permissions.test.ts [2m([22m[2m5 tests[22m[2m)[22m[32m 12[2mms[22m[39m
 [32m✓[39m src/lib/trips.test.ts [2m([22m[2m10 tests[22m[2m)[22m[32m 7[2mms[22m[39m
 [32m✓[39m src/app/(app)/blog/page.test.tsx [2m([22m[2m7 tests[22m[2m)[22m[32m 70[2mms[22m[39m
 [32m✓[39m src/app/(app)/blog/[slug]/page.test.tsx [2m([22m[2m5 tests[22m[2m)[22m[32m 206[2mms[22m[39m
 [32m✓[39m src/app/(app)/trips/new/page.test.tsx [2m([22m[2m10 tests[22m[2m)[22m[33m 3054[2mms[22m[39m
     [33m[2m✓[22m[39m advances to step 2 after valid step 1 submission [33m 622[2mms[22m[39m
     [33m[2m✓[22m[39m shows partner email input on step 2 [33m 614[2mms[22m[39m
     [33m[2m✓[22m[39m shows "Lo farò più tardi" skip button on step 2 [33m 615[2mms[22m[39m
     [33m[2m✓[22m[39m shows API error message when trip creation fails [33m 640[2mms[22m[39m
 [32m✓[39m src/app/(app)/trips/page.test.tsx [2m([22m[2m3 tests[22m[2m)[22m[32m 54[2mms[22m[39m
[31m⎯⎯⎯⎯⎯⎯[39m[1m[41m Unhandled Errors [49m[22m[31m⎯⎯⎯⎯⎯⎯[39m
[31m[1m
Vitest caught 9 unhandled errors during the test run.
This might cause false positive tests. Resolve unhandled errors to make sure 
your tests are not affected.[22m[39m

[31m⎯⎯⎯⎯⎯⎯[39m[1m[41m Unhandled Error [49m[22m[31m⎯⎯⎯⎯⎯⎯⎯[39m
[31m[1mError[22m: [vitest-pool]: Worker forks emitted error.[39m
[90m [2m❯[22m EventEmitter.<anonymous> 
node_modules/vitest/dist/chunks/cli-api.DuT9iuvY.js:[2m3452:22[22m[39m
[90m [2m❯[22m EventEmitter.emit node:events:[2m518:28[22m[39m
[90m [2m❯[22m ChildProcess.emitUnexpectedExit 
node_modules/vitest/dist/chunks/cli-api.DuT9iuvY.js:[2m3019:22[22m[39m
[90m [2m❯[22m ChildProcess.emit node:events:[2m518:28[22m[39m
[90m [2m❯[22m Process.ChildProcess._handle.onexit 
node:internal/child_process:[2m293:12[22m[39m

[31m[1mCaused by: Error[22m: Worker exited unexpectedly[39m
[90m [2m❯[22m ChildProcess.emitUnexpectedExit 
node_modules/vitest/dist/chunks/cli-api.DuT9iuvY.js:[2m3018:33[22m[39m
[90m [2m❯[22m ChildProcess.emit node:events:[2m518:28[22m[39m
[90m [2m❯[22m Process.ChildProcess._handle.onexit 
node:internal/child_process:[2m293:12[22m[39m


[31m⎯⎯⎯⎯⎯⎯[39m[1m[41m Unhandled Error [49m[22m[31m⎯⎯⎯⎯⎯⎯⎯[39m
[31m[1mError[22m: [vitest-pool]: Worker forks emitted error.[39m
[90m [2m❯[22m EventEmitter.<anonymous> 
node_modules/vitest/dist/chunks/cli-api.DuT9iuvY.js:[2m3452:22[22m[39m
[90m [2m❯[22m EventEmitter.emit node:events:[2m518:28[22m[39m
[90m [2m❯[22m ChildProcess.emitUnexpectedExit 
node_modules/vitest/dist/chunks/cli-api.DuT9iuvY.js:[2m3019:22[22m[39m
[90m [2m❯[22m ChildProcess.emit node:events:[2m518:28[22m[39m
[90m [2m❯[22m Process.ChildProcess._handle.onexit 
node:internal/child_process:[2m293:12[22m[39m

[31m[1mCaused by: Error[22m: Worker exited unexpectedly[39m
[90m [2m❯[22m ChildProcess.emitUnexpectedExit 
node_modules/vitest/dist/chunks/cli-api.DuT9iuvY.js:[2m3018:33[22m[39m
[90m [2m❯[22m ChildProcess.emit node:events:[2m518:28[22m[39m
[90m [2m❯[22m Process.ChildProcess._handle.onexit 
node:internal/child_process:[2m293:12[22m[39m


[31m⎯⎯⎯⎯⎯⎯[39m[1m[41m Unhandled Error [49m[22m[31m⎯⎯⎯⎯⎯⎯⎯[39m
[31m[1mError[22m: [vitest-pool]: Worker forks emitted error.[39m
[90m [2m❯[22m EventEmitter.<anonymous> 
node_modules/vitest/dist/chunks/cli-api.DuT9iuvY.js:[2m3452:22[22m[39m
[90m [2m❯[22m EventEmitter.emit node:events:[2m518:28[22m[39m
[90m [2m❯[22m ChildProcess.emitUnexpectedExit 
node_modules/vitest/dist/chunks/cli-api.DuT9iuvY.js:[2m3019:22[22m[39m
[90m [2m❯[22m ChildProcess.emit node:events:[2m518:28[22m[39m
[90m [2m❯[22m Process.ChildProcess._handle.onexit 
node:internal/child_process:[2m293:12[22m[39m

[31m[1mCaused by: Error[22m: Worker exited unexpectedly[39m
[90m [2m❯[22m ChildProcess.emitUnexpectedExit 
node_modules/vitest/dist/chunks/cli-api.DuT9iuvY.js:[2m3018:33[22m[39m
[90m [2m❯[22m ChildProcess.emit node:events:[2m518:28[22m[39m
[90m [2m❯[22m Process.ChildProcess._handle.onexit 
node:internal/child_process:[2m293:12[22m[39m


[31m⎯⎯⎯⎯⎯⎯[39m[1m[41m Unhandled Error [49m[22m[31m⎯⎯⎯⎯⎯⎯⎯[39m
[31m[1mError[22m: [vitest-pool]: Worker forks emitted error.[39m
[90m [2m❯[22m EventEmitter.<anonymous> 
node_modules/vitest/dist/chunks/cli-api.DuT9iuvY.js:[2m3452:22[22m[39m
[90m [2m❯[22m EventEmitter.emit node:events:[2m518:28[22m[39m
[90m [2m❯[22m ChildProcess.emitUnexpectedExit 
node_modules/vitest/dist/chunks/cli-api.DuT9iuvY.js:[2m3019:22[22m[39m
[90m [2m❯[22m ChildProcess.emit node:events:[2m518:28[22m[39m
[90m [2m❯[22m Process.ChildProcess._handle.onexit 
node:internal/child_process:[2m293:12[22m[39m

[31m[1mCaused by: Error[22m: Worker exited unexpectedly[39m
[90m [2m❯[22m ChildProcess.emitUnexpectedExit 
node_modules/vitest/dist/chunks/cli-api.DuT9iuvY.js:[2m3018:33[22m[39m
[90m [2m❯[22m ChildProcess.emit node:events:[2m518:28[22m[39m
[90m [2m❯[22m Process.ChildProcess._handle.onexit 
node:internal/child_process:[2m293:12[22m[39m


[31m⎯⎯⎯⎯⎯⎯[39m[1m[41m Unhandled Error [49m[22m[31m⎯⎯⎯⎯⎯⎯⎯[39m
[31m[1mError[22m: [vitest-pool]: Worker forks emitted error.[39m
[90m [2m❯[22m EventEmitter.<anonymous> 
node_modules/vitest/dist/chunks/cli-api.DuT9iuvY.js:[2m3452:22[22m[39m
[90m [2m❯[22m EventEmitter.emit node:events:[2m518:28[22m[39m
[90m [2m❯[22m ChildProcess.emitUnexpectedExit 
node_modules/vitest/dist/chunks/cli-api.DuT9iuvY.js:[2m3019:22[22m[39m
[90m [2m❯[22m ChildProcess.emit node:events:[2m518:28[22m[39m
[90m [2m❯[22m Process.ChildProcess._handle.onexit 
node:internal/child_process:[2m293:12[22m[39m

[31m[1mCaused by: Error[22m: Worker exited unexpectedly[39m
[90m [2m❯[22m ChildProcess.emitUnexpectedExit 
node_modules/vitest/dist/chunks/cli-api.DuT9iuvY.js:[2m3018:33[22m[39m
[90m [2m❯[22m ChildProcess.emit node:events:[2m518:28[22m[39m
[90m [2m❯[22m Process.ChildProcess._handle.onexit 
node:internal/child_process:[2m293:12[22m[39m


[31m⎯⎯⎯⎯⎯⎯[39m[1m[41m Unhandled Error [49m[22m[31m⎯⎯⎯⎯⎯⎯⎯[39m
[31m[1mError[22m: [vitest-pool]: Worker forks emitted error.[39m
[90m [2m❯[22m EventEmitter.<anonymous> 
node_modules/vitest/dist/chunks/cli-api.DuT9iuvY.js:[2m3452:22[22m[39m
[90m [2m❯[22m EventEmitter.emit node:events:[2m518:28[22m[39m
[90m [2m❯[22m ChildProcess.emitUnexpectedExit 
node_modules/vitest/dist/chunks/cli-api.DuT9iuvY.js:[2m3019:22[22m[39m
[90m [2m❯[22m ChildProcess.emit node:events:[2m518:28[22m[39m
[90m [2m❯[22m Process.ChildProcess._handle.onexit 
node:internal/child_process:[2m293:12[22m[39m

[31m[1mCaused by: Error[22m: Worker exited unexpectedly[39m
[90m [2m❯[22m ChildProcess.emitUnexpectedExit 
node_modules/vitest/dist/chunks/cli-api.DuT9iuvY.js:[2m3018:33[22m[39m
[90m [2m❯[22m ChildProcess.emit node:events:[2m518:28[22m[39m
[90m [2m❯[22m Process.ChildProcess._handle.onexit 
node:internal/child_process:[2m293:12[22m[39m


[31m⎯⎯⎯⎯⎯⎯[39m[1m[41m Unhandled Error [49m[22m[31m⎯⎯⎯⎯⎯⎯⎯[39m
[31m[1mError[22m: [vitest-pool]: Worker forks emitted error.[39m
[90m [2m❯[22m EventEmitter.<anonymous> 
node_modules/vitest/dist/chunks/cli-api.DuT9iuvY.js:[2m3452:22[22m[39m
[90m [2m❯[22m EventEmitter.emit node:events:[2m518:28[22m[39m
[90m [2m❯[22m ChildProcess.emitUnexpectedExit 
node_modules/vitest/dist/chunks/cli-api.DuT9iuvY.js:[2m3019:22[22m[39m
[90m [2m❯[22m ChildProcess.emit node:events:[2m518:28[22m[39m
[90m [2m❯[22m Process.ChildProcess._handle.onexit 
node:internal/child_process:[2m293:12[22m[39m

[31m[1mCaused by: Error[22m: Worker exited unexpectedly[39m
[90m [2m❯[22m ChildProcess.emitUnexpectedExit 
node_modules/vitest/dist/chunks/cli-api.DuT9iuvY.js:[2m3018:33[22m[39m
[90m [2m❯[22m ChildProcess.emit node:events:[2m518:28[22m[39m
[90m [2m❯[22m Process.ChildProcess._handle.onexit 
node:internal/child_process:[2m293:12[22m[39m


[31m⎯⎯⎯⎯⎯⎯[39m[1m[41m Unhandled Error [49m[22m[31m⎯⎯⎯⎯⎯⎯⎯[39m
[31m[1mError[22m: [vitest-pool]: Worker forks emitted error.[39m
[90m [2m❯[22m EventEmitter.<anonymous> 
node_modules/vitest/dist/chunks/cli-api.DuT9iuvY.js:[2m3452:22[22m[39m
[90m [2m❯[22m EventEmitter.emit node:events:[2m518:28[22m[39m
[90m [2m❯[22m ChildProcess.emitUnexpectedExit 
node_modules/vitest/dist/chunks/cli-api.DuT9iuvY.js:[2m3019:22[22m[39m
[90m [2m❯[22m ChildProcess.emit node:events:[2m518:28[22m[39m
[90m [2m❯[22m Process.ChildProcess._handle.onexit 
node:internal/child_process:[2m293:12[22m[39m

[31m[1mCaused by: Error[22m: Worker exited unexpectedly[39m
[90m [2m❯[22m ChildProcess.emitUnexpectedExit 
node_modules/vitest/dist/chunks/cli-api.DuT9iuvY.js:[2m3018:33[22m[39m
[90m [2m❯[22m ChildProcess.emit node:events:[2m518:28[22m[39m
[90m [2m❯[22m Process.ChildProcess._handle.onexit 
node:internal/child_process:[2m293:12[22m[39m


[31m⎯⎯⎯⎯⎯⎯[39m[1m[41m Unhandled Error [49m[22m[31m⎯⎯⎯⎯⎯⎯⎯[39m
[31m[1mError[22m: [vitest-pool]: Worker forks emitted error.[39m
[90m [2m❯[22m EventEmitter.<anonymous> 
node_modules/vitest/dist/chunks/cli-api.DuT9iuvY.js:[2m3452:22[22m[39m
[90m [2m❯[22m EventEmitter.emit node:events:[2m518:28[22m[39m
[90m [2m❯[22m ChildProcess.emitUnexpectedExit 
node_modules/vitest/dist/chunks/cli-api.DuT9iuvY.js:[2m3019:22[22m[39m
[90m [2m❯[22m ChildProcess.emit node:events:[2m518:28[22m[39m
[90m [2m❯[22m Process.ChildProcess._handle.onexit 
node:internal/child_process:[2m293:12[22m[39m

[31m[1mCaused by: Error[22m: Worker exited unexpectedly[39m
[90m [2m❯[22m ChildProcess.emitUnexpectedExit 
node_modules/vitest/dist/chunks/cli-api.DuT9iuvY.js:[2m3018:33[22m[39m
[90m [2m❯[22m ChildProcess.emit node:events:[2m518:28[22m[39m
[90m [2m❯[22m Process.ChildProcess._handle.onexit 
node:internal/child_process:[2m293:12[22m[39m

[31m⎯⎯⎯⎯⎯⎯⎯⎯⎯⎯⎯⎯⎯⎯⎯⎯⎯⎯⎯⎯⎯⎯⎯⎯⎯⎯⎯⎯⎯⎯[39m


[2m Test Files [22m [1m[32m10 passed[39m[22m[90m (15)[39m
[2m      Tests [22m [1m[32m91 passed[39m[22m[90m (91)[39m
[2m     Errors [22m [1m[31m9 errors[39m[22m
[2m   Start at [22m 10:43:49
[2m   Duration [22m 6.49s[2m (transform 1.17s, setup 1.26s, import 9.53s, tests 3.64s, environment 15.95s)[22m

